
====================================================================================================

  (Run Starting)

  ┌────────────────────────────────────────────────────────────────────────────────────────────────┐
  │ Cypress:        14.5.4                                                                         │
  │ Browser:        Chrome 140 (headless)                                                          │
  │ Node Version:   v23.1.0 (/usr/local/Cellar/node/23.1.0_1/bin/node)                             │
  │ Specs:          4 found (accessibility.cy.js, allMenuItems.cy.js, menuNavigation.cy.js, search │
  │                 .cy.js)                                                                        │
  │ Searched:       cypress/e2e/**/*.cy.{js,jsx,ts,tsx}                                            │
  └────────────────────────────────────────────────────────────────────────────────────────────────┘


────────────────────────────────────────────────────────────────────────────────────────────────────
                                                                                                    
  Running:  accessibility.cy.js                                                             (1 of 4)


  1) Menu page is accessible

  0 passing (3s)
  1 failing

  1) Menu page is accessible:
     AssertionError: 2 accessibility violations were detected: expected 2 to equal 0
      at Context.eval (webpack://demo/./node_modules/cypress-axe/dist/index.js:102:0)
      at getRet (https://www.greggs.com/__cypress/runner/cypress_runner.js:121066:20)
      at tryCatcher (https://www.greggs.com/__cypress/runner/cypress_runner.js:1777:23)
      at Promise.attempt.Promise.try (https://www.greggs.com/__cypress/runner/cypress_runner.js:4285:29)
      at Context.thenFn (https://www.greggs.com/__cypress/runner/cypress_runner.js:121077:66)
      at Context.then (https://www.greggs.com/__cypress/runner/cypress_runner.js:121328:21)
      at wrapped (https://www.greggs.com/__cypress/runner/cypress_runner.js:141671:19)




  (Results)

  ┌────────────────────────────────────────────────────────────────────────────────────────────────┐
  │ Tests:        1                                                                                │
  │ Passing:      0                                                                                │
  │ Failing:      1                                                                                │
  │ Pending:      0                                                                                │
  │ Skipped:      0                                                                                │
  │ Screenshots:  1                                                                                │
  │ Video:        false                                                                            │
  │ Duration:     3 seconds                                                                        │
  │ Spec Ran:     accessibility.cy.js                                                              │
  └────────────────────────────────────────────────────────────────────────────────────────────────┘


  (Screenshots)

  -  /Users/kieronfairley/Desktop/Automation/Demo/cypress/screenshots/accessibility.c     (1280x633)
     y.js/Menu page is accessible (failed).png                                                      


────────────────────────────────────────────────────────────────────────────────────────────────────
                                                                                                    
  Running:  allMenuItems.cy.js                                                              (2 of 4)


  mobile
    ✓ All menu items render correctly on mobile (6787ms)

  desktop
    ✓ All menu items render correctly on desktop (3038ms)


  2 passing (10s)


  (Results)

  ┌────────────────────────────────────────────────────────────────────────────────────────────────┐
  │ Tests:        2                                                                                │
  │ Passing:      2                                                                                │
  │ Failing:      0                                                                                │
  │ Pending:      0                                                                                │
  │ Skipped:      0                                                                                │
  │ Screenshots:  0                                                                                │
  │ Video:        false                                                                            │
  │ Duration:     9 seconds                                                                        │
  │ Spec Ran:     allMenuItems.cy.js                                                               │
  └────────────────────────────────────────────────────────────────────────────────────────────────┘


────────────────────────────────────────────────────────────────────────────────────────────────────
                                                                                                    
  Running:  menuNavigation.cy.js                                                            (3 of 4)


  mobile
    ✓ Each filter scrolls to the correct items on mobile (2774ms)

  desktop
    ✓ Each filter scrolls to the correct items on desktop (1871ms)


  2 passing (5s)


  (Results)

  ┌────────────────────────────────────────────────────────────────────────────────────────────────┐
  │ Tests:        2                                                                                │
  │ Passing:      2                                                                                │
  │ Failing:      0                                                                                │
  │ Pending:      0                                                                                │
  │ Skipped:      0                                                                                │
  │ Screenshots:  0                                                                                │
  │ Video:        false                                                                            │
  │ Duration:     4 seconds                                                                        │
  │ Spec Ran:     menuNavigation.cy.js                                                             │
  └────────────────────────────────────────────────────────────────────────────────────────────────┘


────────────────────────────────────────────────────────────────────────────────────────────────────
                                                                                                    
  Running:  search.cy.js                                                                    (4 of 4)


  mobile
    ✓ Typing into Search Bar shows relevant result on mobile (2489ms)

  desktop
    ✓ Typing into Search Bar shows relevant result on desktop (2088ms)


  2 passing (5s)


  (Results)

  ┌────────────────────────────────────────────────────────────────────────────────────────────────┐
  │ Tests:        2                                                                                │
  │ Passing:      2                                                                                │
  │ Failing:      0                                                                                │
  │ Pending:      0                                                                                │
  │ Skipped:      0                                                                                │
  │ Screenshots:  0                                                                                │
  │ Video:        false                                                                            │
  │ Duration:     4 seconds                                                                        │
  │ Spec Ran:     search.cy.js                                                                     │
  └────────────────────────────────────────────────────────────────────────────────────────────────┘


====================================================================================================

  (Run Finished)


       Spec                                              Tests  Passing  Failing  Pending  Skipped  
  ┌────────────────────────────────────────────────────────────────────────────────────────────────┐
  │ ✖  accessibility.cy.js                      00:03        1        -        1        -        - │
  ├────────────────────────────────────────────────────────────────────────────────────────────────┤
  │ ✔  allMenuItems.cy.js                       00:09        2        2        -        -        - │
  ├────────────────────────────────────────────────────────────────────────────────────────────────┤
  │ ✔  menuNavigation.cy.js                     00:04        2        2        -        -        - │
  ├────────────────────────────────────────────────────────────────────────────────────────────────┤
  │ ✔  search.cy.js                             00:04        2        2        -        -        - │
  └────────────────────────────────────────────────────────────────────────────────────────────────┘
    ✖  1 of 4 failed (25%)                      00:22        7        6        1        -        -  

